   Compiling cfg-if v1.0.4
   Compiling windows-link v0.2.1
   Compiling smallvec v1.16.1
   Compiling siphasher v1.0.3
   Compiling zerofrom v0.1.8
    Checking serde_core v1.0.229
   Compiling memchr v2.8.3
   Compiling serde v1.0.229
   Compiling num-conv v0.2.2
   Compiling time-core v0.1.9
   Compiling yoke v0.8.3
   Compiling phf_shared v0.13.1
   Compiling scopeguard v1.2.0
   Compiling itoa v1.0.18
   Compiling time-macros v0.2.32
   Compiling zerovec v0.11.8
   Compiling phf_generator v0.13.1
   Compiling lock_api v0.4.14
   Compiling windows-sys v0.61.2
   Compiling litemap v0.8.3
   Compiling writeable v0.6.4
   Compiling zerotrie v0.2.5
   Compiling thiserror v2.0.20
   Compiling utf8_iter v1.0.4
   Compiling parking_lot_core v0.9.12
   Compiling phf_macros v0.13.1
   Compiling tinystr v0.8.4
   Compiling potential_utf v0.1.6
   Compiling icu_properties_data v2.3.0
   Compiling icu_normalizer_data v2.3.0
   Compiling icu_locale_core v2.3.0
   Compiling icu_collections v2.3.0
   Compiling parking_lot v0.12.5
   Compiling zmij v1.0.23
   Compiling percent-encoding v2.3.2
   Compiling serde_json v1.0.151
   Compiling getrandom v0.4.3
   Compiling phf_codegen v0.13.1
   Compiling form_urlencoded v1.2.2
   Compiling equivalent v1.0.2
   Compiling uuid v1.26.1
   Compiling bytes v1.12.1
   Compiling powerfmt v0.2.0
   Compiling hashbrown v0.17.1
   Compiling deranged v0.5.8
   Compiling phf v0.13.1
   Compiling icu_provider v2.3.1
   Compiling indexmap v2.14.2
   Compiling string_cache_codegen v0.6.1
   Compiling winnow v1.0.4
   Compiling icu_properties v2.3.0
   Compiling icu_normalizer v2.3.0
   Compiling time v0.3.55
   Compiling toml_parser v1.1.3+spec-1.1.0
   Compiling web_atoms v0.2.6
   Compiling serde_spanned v1.1.1
   Compiling toml_writer v1.1.2+spec-1.1.0
   Compiling string_cache v0.9.0
    Checking stable_deref_trait v1.2.1
   Compiling idna_adapter v1.2.2
   Compiling idna v1.1.0
   Compiling selectors v0.36.1
   Compiling aho-corasick v1.1.5
   Compiling toml_datetime v1.1.1+spec-1.1.0
   Compiling url v2.5.8
   Compiling unic-char-range v0.9.0
   Compiling alloc-no-stdlib v2.0.4
   Compiling regex-syntax v0.8.11
   Compiling byteorder v1.5.0
   Compiling unic-common v0.9.0
   Compiling alloc-stdlib v0.2.4
   Compiling unic-char-property v0.9.0
   Compiling unic-ucd-version v0.9.0
   Compiling markup5ever v0.38.0
   Compiling toml v1.1.6+spec-1.1.0
   Compiling cssparser v0.36.0
   Compiling winapi-util v0.1.11
   Compiling typeid v1.0.3
   Compiling fnv v1.0.7
   Compiling indexmap v1.9.3
   Compiling cfb v0.7.3
   Compiling erased-serde v0.4.10
   Compiling same-file v1.0.6
   Compiling html5ever v0.38.0
   Compiling regex-automata v0.4.18
   Compiling unic-ucd-ident v0.9.0
   Compiling brotli-decompressor v5.0.3
   Compiling jsonptr v0.6.3
   Compiling thiserror v1.0.69
   Compiling quick-xml v0.42.0
   Compiling cargo-platform v0.1.9
   Compiling base64 v0.23.1
   Compiling dunce v1.0.5
   Compiling cargo_metadata v0.19.2
   Compiling dom_query v0.27.0
   Compiling schemars v0.8.22
   Compiling plist v1.10.1
   Compiling brotli v8.0.4
   Compiling json-patch v3.0.1
   Compiling serde-untagged v0.1.9
   Compiling infer v0.19.0
   Compiling walkdir v2.5.0
   Compiling ctor v0.8.0
   Compiling serde_with v3.23.0
   Compiling anyhow v1.0.104
   Compiling http v1.5.0
   Compiling regex v1.13.1
   Compiling glob v0.3.4
   Compiling urlpattern v0.3.0
    Checking crossbeam-utils v0.8.23
   Compiling windows_x86_64_msvc v0.52.6
    Checking windows-link v0.1.3
   Compiling windows-targets v0.52.6
   Compiling libc v0.2.189
   Compiling heck v0.5.0
   Compiling windows-sys v0.59.0
   Compiling vswhom-sys v0.1.3
   Compiling tauri-utils v2.9.3
    Checking log v0.4.34
   Compiling generic-array v0.14.7
   Compiling vswhom v0.1.0
    Checking windows-strings v0.4.2
    Checking windows-result v0.3.4
    Checking pin-project-lite v0.2.17
   Compiling option-ext v0.2.0
   Compiling toml v0.9.12+spec-1.1.0
   Compiling dirs-sys v0.5.0
    Checking windows-core v0.61.2
    Checking once_cell v1.21.4
   Compiling cargo_toml v0.22.3
   Compiling dirs v6.0.0
   Compiling crypto-common v0.1.7
   Compiling block-buffer v0.10.4
   Compiling digest v0.10.7
    Checking windows-threading v0.1.0
   Compiling sha2 v0.10.9
    Checking windows-future v0.2.1
    Checking windows-numerics v0.2.0
    Checking windows-collections v0.2.0
   Compiling winreg v0.55.0
    Checking raw-window-handle v0.6.2
   Compiling futures-core v0.3.34
   Compiling embed-resource v3.0.11
    Checking windows v0.61.3
    Checking tracing-core v0.1.36
   Compiling tauri-winres v0.3.6
   Compiling webview2-com-sys v0.38.2
    Checking tracing v0.1.44
   Compiling crc32fast v1.5.2
    Checking mio v1.2.3
    Checking socket2 v0.6.5
    Checking dpi v0.1.2
    Checking tokio v1.53.1
   Compiling flate2 v1.1.10
   Compiling tauri-build v2.6.3
   Compiling tauri-plugin v2.6.3
    Checking crossbeam-channel v0.5.17
    Checking windows-version v0.1.7
    Checking bitflags v2.13.2
    Checking typenum v1.20.1
    Checking unicode-segmentation v1.13.3
   Compiling png v0.17.16
    Checking cookie v0.18.2
   Compiling num-traits v0.2.19
   Compiling slab v0.4.12
   Compiling foldhash v0.1.5
    Checking futures-sink v0.3.34
   Compiling allocator-api2 v0.2.21
    Checking semver v1.0.28
   Compiling futures-task v0.3.34
   Compiling futures-io v0.3.34
   Compiling futures-util v0.3.34
   Compiling hashbrown v0.15.5
   Compiling ico v0.5.0
   Compiling parking v2.2.1
   Compiling arrayvec v0.7.8
   Compiling crc-catalog v2.5.0
   Compiling hashlink v0.10.0
   Compiling crc v3.4.0
   Compiling rust_decimal v1.43.0
   Compiling event-listener v5.4.2
   Compiling crossbeam-queue v0.3.14
   Compiling tauri-codegen v2.6.3
    Checking keyboard-types v0.7.0
    Checking softbuffer v0.4.8
   Compiling futures-intrusive v0.5.0
   Compiling tokio-stream v0.1.19
    Checking either v1.18.0
   Compiling spin v0.9.9
   Compiling tauri v2.11.5
   Compiling ryu v1.0.23
   Compiling tauri-macros v2.6.3
   Compiling flume v0.11.1
   Compiling serde_urlencoded v0.7.1
   Compiling tauri-plugin-fs v2.5.2
   Compiling sqlx-core v0.8.6
    Checking serialize-to-javascript v0.1.2
    Checking muda v0.19.3
    Checking window-vibrancy v0.6.0
   Compiling futures-executor v0.3.34
    Checking getrandom v0.3.4
   Compiling atoi v2.0.0
   Compiling libsqlite3-sys v0.30.1
   Compiling futures-channel v0.3.34
    Checking cpufeatures v0.2.17
    Checking mime v0.3.17
    Checking windows_x86_64_msvc v0.53.1
    Checking crossbeam-epoch v0.9.21
   Compiling sqlx-sqlite v0.8.6
    Checking base64 v0.22.1
    Checking crossbeam-deque v0.8.8
    Checking windows-targets v0.53.5
    Checking windows_x86_64_msvc v0.48.5
   Compiling tauri-plugin-dialog v2.7.3
   Compiling tauri-plugin-sql v2.4.1
   Compiling tauri-plugin-log v2.9.1
    Checking windows-result v0.1.2
    Checking rayon-core v1.13.0
    Checking windows-core v0.57.0
    Checking windows-sys v0.60.2
    Checking windows-targets v0.48.5
    Checking winapi v0.3.9
    Checking windows v0.57.0
   Compiling sqlx-macros-core v0.8.6
    Checking windows-sys v0.48.0
    Checking rayon v1.12.0
    Checking ntapi v0.4.3
   Compiling lumen v0.1.0 (C:\Develop\Agents AI\Gallary\src-tauri)
    Checking rfd v0.16.0
    Checking fern v0.7.1
   Compiling sqlx-macros v0.8.6
    Checking filetime v0.2.29
    Checking notify v6.1.1
    Checking sqlx v0.8.6
    Checking tao v0.35.3
    Checking webview2-com v0.38.2
    Checking wry v0.55.1
    Checking tauri-runtime v2.11.3
    Checking tauri-runtime-wry v2.11.4
    Checking sysinfo v0.33.1
    Finished `dev` profile [unoptimized + debuginfo] target(s) in 2m 23s
